
> mnpsn@1.0.0 dev
> tsx src/index.ts

[2026-05-03 04:07:00.530 +0530] [32mINFO[39m: [36mLibp2p node started. Listening on addresses:[39m
    [35mnodeId[39m: "node-1"
[2026-05-03 04:07:00.531 +0530] [32mINFO[39m: [36m/ip4/127.0.0.1/tcp/40001/p2p/12D3KooWNDw1ZfEMi7jFPXc3UH9YAGutVKkL5GCpHWvgp2KfyjW5[39m
    [35mnodeId[39m: "node-1"
[2026-05-03 04:07:00.531 +0530] [32mINFO[39m: [36m/ip4/100.90.180.92/tcp/40001/p2p/12D3KooWNDw1ZfEMi7jFPXc3UH9YAGutVKkL5GCpHWvgp2KfyjW5[39m
    [35mnodeId[39m: "node-1"
[2026-05-03 04:07:00.531 +0530] [32mINFO[39m: [36m/ip4/10.197.174.229/tcp/40001/p2p/12D3KooWNDw1ZfEMi7jFPXc3UH9YAGutVKkL5GCpHWvgp2KfyjW5[39m
    [35mnodeId[39m: "node-1"
[2026-05-03 04:07:00.531 +0530] [32mINFO[39m: [36m/ip4/172.18.0.1/tcp/40001/p2p/12D3KooWNDw1ZfEMi7jFPXc3UH9YAGutVKkL5GCpHWvgp2KfyjW5[39m
    [35mnodeId[39m: "node-1"
[2026-05-03 04:07:00.531 +0530] [32mINFO[39m: [36mSubscribed to GossipSub topics: /tx, /batch, /mempool-digest, /mempool-sync[39m
    [35mnodeId[39m: "node-1"
[2026-05-03 04:07:00.531 +0530] [32mINFO[39m: [36mSlotManager started[39m
    [35mnodeId[39m: "node-1"
[2026-05-03 04:07:00.532 +0530] [32mINFO[39m: [36m[node-1] RPC Server listening on port 8080[39m
    [35mnodeId[39m: "node-1"
[2026-05-03 04:07:02.254 +0530] [32mINFO[39m: [36mConnected to peer: 12D3KooWLbPZcy6rMfxEqvhhGd6nWYfbU6XwKfMFYnHysckdh6yT[39m
    [35mnodeId[39m: "node-1"
[2026-05-03 04:07:02.264 +0530] [32mINFO[39m: [36mConnected to peer: 12D3KooWNaDUQUAM6mhL2VhDf4kJSgoCv4HRSzrMPXxeMmtKL2Bb[39m
    [35mnodeId[39m: "node-1"
[2026-05-03 04:07:02.283 +0530] [32mINFO[39m: [36mDialed discovered peer: /ip4/10.197.174.229/tcp/40003[39m
    [35mnodeId[39m: "node-1"
[2026-05-03 04:07:02.297 +0530] [32mINFO[39m: [36mDialed discovered peer: /ip4/10.197.174.229/tcp/40002[39m
    [35mnodeId[39m: "node-1"
[2026-05-03 04:07:03.001 +0530] [32mINFO[39m: [36mSlot 0 transitioned to FREEZE[39m
    [35mnodeId[39m: "node-1"
[2026-05-03 04:07:03.002 +0530] [32mINFO[39m: [36m[node-1] FREEZE slot 0[39m
    [35mnodeId[39m: "node-1"
[2026-05-03 04:07:03.002 +0530] [32mINFO[39m: [36mSlot 0 transitioned to SYNC[39m
    [35mnodeId[39m: "node-1"
[2026-05-03 04:07:03.002 +0530] [32mINFO[39m: [36m[node-1] SYNC slot 0[39m
    [35mnodeId[39m: "node-1"
[2026-05-03 04:07:04.002 +0530] [32mINFO[39m: [36mSlot 0 transitioned to PROPOSE[39m
    [35mnodeId[39m: "node-1"
[2026-05-03 04:07:04.002 +0530] [32mINFO[39m: [36m[node-1] PROPOSE slot 0[39m
    [35mnodeId[39m: "node-1"
[2026-05-03 04:07:04.002 +0530] [32mINFO[39m: [36mComputed common subset for slot 0: 0 txs (threshold: 2, total nodes: 3, digests received: 3)[39m
    [35mnodeId[39m: "node-1"
[2026-05-03 04:07:04.501 +0530] [32mINFO[39m: [36mSlot 0 transitioned to FINALIZE[39m
    [35mnodeId[39m: "node-1"
[2026-05-03 04:07:04.502 +0530] [32mINFO[39m: [36m[node-1] FINALIZE slot 0[39m
    [35mnodeId[39m: "node-1"
[2026-05-03 04:07:04.502 +0530] [32mINFO[39m: [36mComputed common subset for slot 0: 0 txs (threshold: 2, total nodes: 3, digests received: 3)[39m
    [35mnodeId[39m: "node-1"
[2026-05-03 04:07:04.508 +0530] [32mINFO[39m: [36m[node-1] Found 2/2 valid proposals for slot 0[39m
    [35mnodeId[39m: "node-1"
[2026-05-03 04:07:04.508 +0530] [32mINFO[39m: [36m[node-1] Winning batch for slot 0: Proposer node-2, Root 0x56e81f171bcc55a6ff8345e692c0f86e5b48e01b996cadc001622fb5e363b421, Txs: 0[39m
    [35mnodeId[39m: "node-1"
[2026-05-03 04:07:05.502 +0530] [32mINFO[39m: [36mSlot 1 transitioned to COLLECT[39m
    [35mnodeId[39m: "node-1"
[2026-05-03 04:07:08.002 +0530] [32mINFO[39m: [36mSlot 1 transitioned to FREEZE[39m
    [35mnodeId[39m: "node-1"
[2026-05-03 04:07:08.002 +0530] [32mINFO[39m: [36m[node-1] FREEZE slot 1[39m
    [35mnodeId[39m: "node-1"
[2026-05-03 04:07:08.002 +0530] [32mINFO[39m: [36mSlot 1 transitioned to SYNC[39m
    [35mnodeId[39m: "node-1"
[2026-05-03 04:07:08.002 +0530] [32mINFO[39m: [36m[node-1] SYNC slot 1[39m
    [35mnodeId[39m: "node-1"
[2026-05-03 04:07:09.001 +0530] [32mINFO[39m: [36mSlot 1 transitioned to PROPOSE[39m
    [35mnodeId[39m: "node-1"
[2026-05-03 04:07:09.001 +0530] [32mINFO[39m: [36m[node-1] PROPOSE slot 1[39m
    [35mnodeId[39m: "node-1"
[2026-05-03 04:07:09.001 +0530] [32mINFO[39m: [36mComputed common subset for slot 1: 2 txs (threshold: 2, total nodes: 3, digests received: 3)[39m
    [35mnodeId[39m: "node-1"
[2026-05-03 04:07:09.502 +0530] [32mINFO[39m: [36mSlot 1 transitioned to FINALIZE[39m
    [35mnodeId[39m: "node-1"
[2026-05-03 04:07:09.502 +0530] [32mINFO[39m: [36m[node-1] FINALIZE slot 1[39m
    [35mnodeId[39m: "node-1"
[2026-05-03 04:07:09.502 +0530] [32mINFO[39m: [36mComputed common subset for slot 1: 2 txs (threshold: 2, total nodes: 3, digests received: 3)[39m
    [35mnodeId[39m: "node-1"
[2026-05-03 04:07:09.506 +0530] [32mINFO[39m: [36m[node-1] Found 2/2 valid proposals for slot 1[39m
    [35mnodeId[39m: "node-1"
[2026-05-03 04:07:09.506 +0530] [32mINFO[39m: [36m[node-1] Winning batch for slot 1: Proposer node-2, Root 0x4b65a20d345a14ec6ce69a60fda9e8cdc245147d70f7ce6b1f27c519b081d45e, Txs: 2[39m
    [35mnodeId[39m: "node-1"
[2026-05-03 04:07:10.502 +0530] [32mINFO[39m: [36mSlot 2 transitioned to COLLECT[39m
    [35mnodeId[39m: "node-1"
[2026-05-03 04:07:13.002 +0530] [32mINFO[39m: [36mSlot 2 transitioned to FREEZE[39m
    [35mnodeId[39m: "node-1"
[2026-05-03 04:07:13.002 +0530] [32mINFO[39m: [36m[node-1] FREEZE slot 2[39m
    [35mnodeId[39m: "node-1"
[2026-05-03 04:07:13.002 +0530] [32mINFO[39m: [36mSlot 2 transitioned to SYNC[39m
    [35mnodeId[39m: "node-1"
[2026-05-03 04:07:13.002 +0530] [32mINFO[39m: [36m[node-1] SYNC slot 2[39m
    [35mnodeId[39m: "node-1"
[2026-05-03 04:07:14.003 +0530] [32mINFO[39m: [36mSlot 2 transitioned to PROPOSE[39m
    [35mnodeId[39m: "node-1"
[2026-05-03 04:07:14.003 +0530] [32mINFO[39m: [36m[node-1] PROPOSE slot 2[39m
    [35mnodeId[39m: "node-1"
[2026-05-03 04:07:14.003 +0530] [32mINFO[39m: [36mComputed common subset for slot 2: 0 txs (threshold: 2, total nodes: 3, digests received: 3)[39m
    [35mnodeId[39m: "node-1"
[2026-05-03 04:07:14.501 +0530] [32mINFO[39m: [36mSlot 2 transitioned to FINALIZE[39m
    [35mnodeId[39m: "node-1"
[2026-05-03 04:07:14.501 +0530] [32mINFO[39m: [36m[node-1] FINALIZE slot 2[39m
    [35mnodeId[39m: "node-1"
[2026-05-03 04:07:14.501 +0530] [32mINFO[39m: [36mComputed common subset for slot 2: 0 txs (threshold: 2, total nodes: 3, digests received: 3)[39m
    [35mnodeId[39m: "node-1"
[2026-05-03 04:07:14.505 +0530] [32mINFO[39m: [36m[node-1] Found 0/2 valid proposals for slot 2[39m
    [35mnodeId[39m: "node-1"
[2026-05-03 04:07:14.505 +0530] [33mWARN[39m: [36m[node-1] No valid proposals for slot 2, recording null batch[39m
    [35mnodeId[39m: "node-1"
[2026-05-03 04:07:14.505 +0530] [33mWARN[39m: [36mRecorded skip for slot 2. Consecutive skips: 1[39m
    [35mnodeId[39m: "node-1"
[2026-05-03 04:07:20.502 +0530] [32mINFO[39m: [36mSlot 3 transitioned to COLLECT[39m
    [35mnodeId[39m: "node-1"
[2026-05-03 04:07:23.002 +0530] [32mINFO[39m: [36mSlot 3 transitioned to FREEZE[39m
    [35mnodeId[39m: "node-1"
[2026-05-03 04:07:23.002 +0530] [32mINFO[39m: [36m[node-1] FREEZE slot 3[39m
    [35mnodeId[39m: "node-1"
[2026-05-03 04:07:23.002 +0530] [32mINFO[39m: [36mSlot 3 transitioned to SYNC[39m
    [35mnodeId[39m: "node-1"
[2026-05-03 04:07:23.002 +0530] [32mINFO[39m: [36m[node-1] SYNC slot 3[39m
    [35mnodeId[39m: "node-1"
[2026-05-03 04:07:24.001 +0530] [32mINFO[39m: [36mSlot 3 transitioned to PROPOSE[39m
    [35mnodeId[39m: "node-1"
[2026-05-03 04:07:24.002 +0530] [32mINFO[39m: [36m[node-1] PROPOSE slot 3[39m
    [35mnodeId[39m: "node-1"
[2026-05-03 04:07:24.002 +0530] [32mINFO[39m: [36mComputed common subset for slot 3: 0 txs (threshold: 2, total nodes: 3, digests received: 3)[39m
    [35mnodeId[39m: "node-1"
[2026-05-03 04:07:24.501 +0530] [32mINFO[39m: [36mSlot 3 transitioned to FINALIZE[39m
    [35mnodeId[39m: "node-1"
[2026-05-03 04:07:24.501 +0530] [32mINFO[39m: [36m[node-1] FINALIZE slot 3[39m
    [35mnodeId[39m: "node-1"
[2026-05-03 04:07:24.501 +0530] [32mINFO[39m: [36mComputed common subset for slot 3: 0 txs (threshold: 2, total nodes: 3, digests received: 3)[39m
    [35mnodeId[39m: "node-1"
[2026-05-03 04:07:24.507 +0530] [32mINFO[39m: [36m[node-1] Found 0/2 valid proposals for slot 3[39m
    [35mnodeId[39m: "node-1"
[2026-05-03 04:07:24.507 +0530] [33mWARN[39m: [36m[node-1] No valid proposals for slot 3, recording null batch[39m
    [35mnodeId[39m: "node-1"
[2026-05-03 04:07:24.508 +0530] [33mWARN[39m: [36mRecorded skip for slot 3. Consecutive skips: 2[39m
    [35mnodeId[39m: "node-1"
