
> mnpsn@1.0.0 dev
> tsx src/index.ts

[2026-05-03 04:08:37.908 +0530] [32mINFO[39m: [36mLibp2p node started. Listening on addresses:[39m
    [35mnodeId[39m: "node-1"
[2026-05-03 04:08:37.909 +0530] [32mINFO[39m: [36m/ip4/127.0.0.1/tcp/40001/p2p/12D3KooWN3HXiaZVA431QdnimRxcd4rV2p4P3yB1FWxSEnYnbER8[39m
    [35mnodeId[39m: "node-1"
[2026-05-03 04:08:37.909 +0530] [32mINFO[39m: [36m/ip4/100.90.180.92/tcp/40001/p2p/12D3KooWN3HXiaZVA431QdnimRxcd4rV2p4P3yB1FWxSEnYnbER8[39m
    [35mnodeId[39m: "node-1"
[2026-05-03 04:08:37.909 +0530] [32mINFO[39m: [36m/ip4/10.197.174.229/tcp/40001/p2p/12D3KooWN3HXiaZVA431QdnimRxcd4rV2p4P3yB1FWxSEnYnbER8[39m
    [35mnodeId[39m: "node-1"
[2026-05-03 04:08:37.909 +0530] [32mINFO[39m: [36m/ip4/172.18.0.1/tcp/40001/p2p/12D3KooWN3HXiaZVA431QdnimRxcd4rV2p4P3yB1FWxSEnYnbER8[39m
    [35mnodeId[39m: "node-1"
[2026-05-03 04:08:37.909 +0530] [32mINFO[39m: [36mSubscribed to GossipSub topics: /tx, /batch, /mempool-digest, /mempool-sync[39m
    [35mnodeId[39m: "node-1"
[2026-05-03 04:08:37.909 +0530] [32mINFO[39m: [36mSlotManager started[39m
    [35mnodeId[39m: "node-1"
[2026-05-03 04:08:37.909 +0530] [32mINFO[39m: [36m[node-1] RPC Server listening on port 8080[39m
    [35mnodeId[39m: "node-1"
[2026-05-03 04:08:39.665 +0530] [32mINFO[39m: [36mConnected to peer: 12D3KooWBHRT7h68WKRHn2RnNfN8kk3k726poobi83Jq8yY78jJu[39m
    [35mnodeId[39m: "node-1"
[2026-05-03 04:08:39.678 +0530] [32mINFO[39m: [36mConnected to peer: 12D3KooWAigrXXvWkoqqNu5mpXkN6LND8TzQawaCZ2ZX9qLyRzbE[39m
    [35mnodeId[39m: "node-1"
[2026-05-03 04:08:39.703 +0530] [32mINFO[39m: [36mDialed discovered peer: /ip4/10.197.174.229/tcp/40003[39m
    [35mnodeId[39m: "node-1"
[2026-05-03 04:08:39.706 +0530] [32mINFO[39m: [36mDialed discovered peer: /ip4/10.197.174.229/tcp/40002[39m
    [35mnodeId[39m: "node-1"
[2026-05-03 04:08:40.000 +0530] [32mINFO[39m: [36mSlot 0 transitioned to FREEZE[39m
    [35mnodeId[39m: "node-1"
[2026-05-03 04:08:40.000 +0530] [32mINFO[39m: [36m[node-1] FREEZE slot 0[39m
    [35mnodeId[39m: "node-1"
[2026-05-03 04:08:40.010 +0530] [32mINFO[39m: [36mSlot 0 transitioned to SYNC[39m
    [35mnodeId[39m: "node-1"
[2026-05-03 04:08:40.010 +0530] [32mINFO[39m: [36m[node-1] SYNC slot 0[39m
    [35mnodeId[39m: "node-1"
[2026-05-03 04:08:41.000 +0530] [32mINFO[39m: [36mSlot 0 transitioned to PROPOSE[39m
    [35mnodeId[39m: "node-1"
[2026-05-03 04:08:41.000 +0530] [32mINFO[39m: [36m[node-1] PROPOSE slot 0[39m
    [35mnodeId[39m: "node-1"
[2026-05-03 04:08:41.000 +0530] [32mINFO[39m: [36mComputed common subset for slot 0: 0 txs (threshold: 2, total nodes: 3, digests received: 3)[39m
    [35mnodeId[39m: "node-1"
[2026-05-03 04:08:41.500 +0530] [32mINFO[39m: [36mSlot 0 transitioned to FINALIZE[39m
    [35mnodeId[39m: "node-1"
[2026-05-03 04:08:41.501 +0530] [32mINFO[39m: [36m[node-1] FINALIZE slot 0[39m
    [35mnodeId[39m: "node-1"
[2026-05-03 04:08:41.501 +0530] [32mINFO[39m: [36mComputed common subset for slot 0: 0 txs (threshold: 2, total nodes: 3, digests received: 3)[39m
    [35mnodeId[39m: "node-1"
[2026-05-03 04:08:41.507 +0530] [32mINFO[39m: [36m[node-1] Found 2/2 valid proposals for slot 0[39m
    [35mnodeId[39m: "node-1"
[2026-05-03 04:08:41.507 +0530] [32mINFO[39m: [36m[node-1] Winning batch for slot 0: Proposer node-2, Root 0x56e81f171bcc55a6ff8345e692c0f86e5b48e01b996cadc001622fb5e363b421, Txs: 0[39m
    [35mnodeId[39m: "node-1"
[2026-05-03 04:08:42.501 +0530] [32mINFO[39m: [36mSlot 1 transitioned to COLLECT[39m
    [35mnodeId[39m: "node-1"
[2026-05-03 04:08:45.000 +0530] [32mINFO[39m: [36mSlot 1 transitioned to FREEZE[39m
    [35mnodeId[39m: "node-1"
[2026-05-03 04:08:45.000 +0530] [32mINFO[39m: [36m[node-1] FREEZE slot 1[39m
    [35mnodeId[39m: "node-1"
[2026-05-03 04:08:45.000 +0530] [32mINFO[39m: [36mSlot 1 transitioned to SYNC[39m
    [35mnodeId[39m: "node-1"
[2026-05-03 04:08:45.000 +0530] [32mINFO[39m: [36m[node-1] SYNC slot 1[39m
    [35mnodeId[39m: "node-1"
[2026-05-03 04:08:46.000 +0530] [32mINFO[39m: [36mSlot 1 transitioned to PROPOSE[39m
    [35mnodeId[39m: "node-1"
[2026-05-03 04:08:46.000 +0530] [32mINFO[39m: [36m[node-1] PROPOSE slot 1[39m
    [35mnodeId[39m: "node-1"
[2026-05-03 04:08:46.000 +0530] [32mINFO[39m: [36mComputed common subset for slot 1: 2 txs (threshold: 2, total nodes: 3, digests received: 3)[39m
    [35mnodeId[39m: "node-1"
[2026-05-03 04:08:46.500 +0530] [32mINFO[39m: [36mSlot 1 transitioned to FINALIZE[39m
    [35mnodeId[39m: "node-1"
[2026-05-03 04:08:46.500 +0530] [32mINFO[39m: [36m[node-1] FINALIZE slot 1[39m
    [35mnodeId[39m: "node-1"
[2026-05-03 04:08:46.500 +0530] [32mINFO[39m: [36mComputed common subset for slot 1: 2 txs (threshold: 2, total nodes: 3, digests received: 3)[39m
    [35mnodeId[39m: "node-1"
[2026-05-03 04:08:46.508 +0530] [32mINFO[39m: [36m[node-1] Found 2/2 valid proposals for slot 1[39m
    [35mnodeId[39m: "node-1"
[2026-05-03 04:08:46.508 +0530] [32mINFO[39m: [36m[node-1] Winning batch for slot 1: Proposer node-2, Root 0x65d0bd969c79244b272677d47b09d17162b10a87e3443e5bb9e5661eb83f52bd, Txs: 2[39m
    [35mnodeId[39m: "node-1"
[2026-05-03 04:08:47.500 +0530] [32mINFO[39m: [36mSlot 2 transitioned to COLLECT[39m
    [35mnodeId[39m: "node-1"
[2026-05-03 04:08:50.001 +0530] [32mINFO[39m: [36mSlot 2 transitioned to FREEZE[39m
    [35mnodeId[39m: "node-1"
[2026-05-03 04:08:50.001 +0530] [32mINFO[39m: [36m[node-1] FREEZE slot 2[39m
    [35mnodeId[39m: "node-1"
[2026-05-03 04:08:50.001 +0530] [32mINFO[39m: [36mSlot 2 transitioned to SYNC[39m
    [35mnodeId[39m: "node-1"
[2026-05-03 04:08:50.001 +0530] [32mINFO[39m: [36m[node-1] SYNC slot 2[39m
    [35mnodeId[39m: "node-1"
[2026-05-03 04:08:51.000 +0530] [32mINFO[39m: [36mSlot 2 transitioned to PROPOSE[39m
    [35mnodeId[39m: "node-1"
[2026-05-03 04:08:51.000 +0530] [32mINFO[39m: [36m[node-1] PROPOSE slot 2[39m
    [35mnodeId[39m: "node-1"
[2026-05-03 04:08:51.000 +0530] [32mINFO[39m: [36mComputed common subset for slot 2: 0 txs (threshold: 2, total nodes: 3, digests received: 3)[39m
    [35mnodeId[39m: "node-1"
[2026-05-03 04:08:51.500 +0530] [32mINFO[39m: [36mSlot 2 transitioned to FINALIZE[39m
    [35mnodeId[39m: "node-1"
[2026-05-03 04:08:51.500 +0530] [32mINFO[39m: [36m[node-1] FINALIZE slot 2[39m
    [35mnodeId[39m: "node-1"
[2026-05-03 04:08:51.500 +0530] [32mINFO[39m: [36mComputed common subset for slot 2: 0 txs (threshold: 2, total nodes: 3, digests received: 3)[39m
    [35mnodeId[39m: "node-1"
[2026-05-03 04:08:51.505 +0530] [32mINFO[39m: [36m[node-1] Found 0/2 valid proposals for slot 2[39m
    [35mnodeId[39m: "node-1"
[2026-05-03 04:08:51.505 +0530] [33mWARN[39m: [36m[node-1] No valid proposals for slot 2, recording null batch[39m
    [35mnodeId[39m: "node-1"
[2026-05-03 04:08:51.505 +0530] [33mWARN[39m: [36mRecorded skip for slot 2. Consecutive skips: 1[39m
    [35mnodeId[39m: "node-1"
[2026-05-03 04:08:57.502 +0530] [32mINFO[39m: [36mSlot 3 transitioned to COLLECT[39m
    [35mnodeId[39m: "node-1"
[2026-05-03 04:09:00.000 +0530] [32mINFO[39m: [36mSlot 3 transitioned to FREEZE[39m
    [35mnodeId[39m: "node-1"
[2026-05-03 04:09:00.000 +0530] [32mINFO[39m: [36m[node-1] FREEZE slot 3[39m
    [35mnodeId[39m: "node-1"
[2026-05-03 04:09:00.000 +0530] [32mINFO[39m: [36mSlot 3 transitioned to SYNC[39m
    [35mnodeId[39m: "node-1"
[2026-05-03 04:09:00.000 +0530] [32mINFO[39m: [36m[node-1] SYNC slot 3[39m
    [35mnodeId[39m: "node-1"
[2026-05-03 04:09:01.000 +0530] [32mINFO[39m: [36mSlot 3 transitioned to PROPOSE[39m
    [35mnodeId[39m: "node-1"
[2026-05-03 04:09:01.000 +0530] [32mINFO[39m: [36m[node-1] PROPOSE slot 3[39m
    [35mnodeId[39m: "node-1"
[2026-05-03 04:09:01.000 +0530] [32mINFO[39m: [36mComputed common subset for slot 3: 0 txs (threshold: 2, total nodes: 3, digests received: 3)[39m
    [35mnodeId[39m: "node-1"
[2026-05-03 04:09:01.500 +0530] [32mINFO[39m: [36mSlot 3 transitioned to FINALIZE[39m
    [35mnodeId[39m: "node-1"
[2026-05-03 04:09:01.500 +0530] [32mINFO[39m: [36m[node-1] FINALIZE slot 3[39m
    [35mnodeId[39m: "node-1"
[2026-05-03 04:09:01.500 +0530] [32mINFO[39m: [36mComputed common subset for slot 3: 0 txs (threshold: 2, total nodes: 3, digests received: 3)[39m
    [35mnodeId[39m: "node-1"
[2026-05-03 04:09:01.505 +0530] [32mINFO[39m: [36m[node-1] Found 0/2 valid proposals for slot 3[39m
    [35mnodeId[39m: "node-1"
[2026-05-03 04:09:01.505 +0530] [33mWARN[39m: [36m[node-1] No valid proposals for slot 3, recording null batch[39m
    [35mnodeId[39m: "node-1"
[2026-05-03 04:09:01.505 +0530] [33mWARN[39m: [36mRecorded skip for slot 3. Consecutive skips: 2[39m
    [35mnodeId[39m: "node-1"
[2026-05-03 04:09:12.500 +0530] [32mINFO[39m: [36mSlot 4 transitioned to COLLECT[39m
    [35mnodeId[39m: "node-1"
[2026-05-03 04:09:15.000 +0530] [32mINFO[39m: [36mSlot 4 transitioned to FREEZE[39m
    [35mnodeId[39m: "node-1"
[2026-05-03 04:09:15.000 +0530] [32mINFO[39m: [36m[node-1] FREEZE slot 4[39m
    [35mnodeId[39m: "node-1"
[2026-05-03 04:09:15.000 +0530] [32mINFO[39m: [36mSlot 4 transitioned to SYNC[39m
    [35mnodeId[39m: "node-1"
[2026-05-03 04:09:15.000 +0530] [32mINFO[39m: [36m[node-1] SYNC slot 4[39m
    [35mnodeId[39m: "node-1"
[2026-05-03 04:09:16.000 +0530] [32mINFO[39m: [36mSlot 4 transitioned to PROPOSE[39m
    [35mnodeId[39m: "node-1"
[2026-05-03 04:09:16.000 +0530] [32mINFO[39m: [36m[node-1] PROPOSE slot 4[39m
    [35mnodeId[39m: "node-1"
[2026-05-03 04:09:16.000 +0530] [32mINFO[39m: [36mComputed common subset for slot 4: 0 txs (threshold: 2, total nodes: 3, digests received: 3)[39m
    [35mnodeId[39m: "node-1"
[2026-05-03 04:09:16.501 +0530] [32mINFO[39m: [36mSlot 4 transitioned to FINALIZE[39m
    [35mnodeId[39m: "node-1"
[2026-05-03 04:09:16.501 +0530] [32mINFO[39m: [36m[node-1] FINALIZE slot 4[39m
    [35mnodeId[39m: "node-1"
[2026-05-03 04:09:16.502 +0530] [32mINFO[39m: [36mComputed common subset for slot 4: 0 txs (threshold: 2, total nodes: 3, digests received: 3)[39m
    [35mnodeId[39m: "node-1"
[2026-05-03 04:09:16.505 +0530] [32mINFO[39m: [36m[node-1] Found 0/2 valid proposals for slot 4[39m
    [35mnodeId[39m: "node-1"
[2026-05-03 04:09:16.505 +0530] [33mWARN[39m: [36m[node-1] No valid proposals for slot 4, recording null batch[39m
    [35mnodeId[39m: "node-1"
[2026-05-03 04:09:16.505 +0530] [33mWARN[39m: [36mRecorded skip for slot 4. Consecutive skips: 3[39m
    [35mnodeId[39m: "node-1"
[2026-05-03 04:09:16.505 +0530] [31mERROR[39m: [36m[node-1] EMERGENCY RESYNC TRIGGERED (Consecutive skips: 3)[39m
    [35mnodeId[39m: "node-1"
[2026-05-03 04:09:17.501 +0530] [32mINFO[39m: [36mSlot 5 transitioned to COLLECT[39m
    [35mnodeId[39m: "node-1"
[2026-05-03 04:09:20.000 +0530] [32mINFO[39m: [36mSlot 5 transitioned to FREEZE[39m
    [35mnodeId[39m: "node-1"
[2026-05-03 04:09:20.000 +0530] [32mINFO[39m: [36m[node-1] FREEZE slot 5[39m
    [35mnodeId[39m: "node-1"
[2026-05-03 04:09:20.000 +0530] [32mINFO[39m: [36mSlot 5 transitioned to SYNC[39m
    [35mnodeId[39m: "node-1"
[2026-05-03 04:09:20.000 +0530] [32mINFO[39m: [36m[node-1] SYNC slot 5[39m
    [35mnodeId[39m: "node-1"
[2026-05-03 04:09:21.000 +0530] [32mINFO[39m: [36mSlot 5 transitioned to PROPOSE[39m
    [35mnodeId[39m: "node-1"
[2026-05-03 04:09:21.001 +0530] [32mINFO[39m: [36m[node-1] PROPOSE slot 5[39m
    [35mnodeId[39m: "node-1"
[2026-05-03 04:09:21.001 +0530] [32mINFO[39m: [36mComputed common subset for slot 5: 0 txs (threshold: 2, total nodes: 3, digests received: 3)[39m
    [35mnodeId[39m: "node-1"
[2026-05-03 04:09:21.501 +0530] [32mINFO[39m: [36mSlot 5 transitioned to FINALIZE[39m
    [35mnodeId[39m: "node-1"
[2026-05-03 04:09:21.501 +0530] [32mINFO[39m: [36m[node-1] FINALIZE slot 5[39m
    [35mnodeId[39m: "node-1"
[2026-05-03 04:09:21.501 +0530] [32mINFO[39m: [36mComputed common subset for slot 5: 0 txs (threshold: 2, total nodes: 3, digests received: 3)[39m
    [35mnodeId[39m: "node-1"
[2026-05-03 04:09:21.508 +0530] [32mINFO[39m: [36m[node-1] Found 0/2 valid proposals for slot 5[39m
    [35mnodeId[39m: "node-1"
[2026-05-03 04:09:21.508 +0530] [33mWARN[39m: [36m[node-1] No valid proposals for slot 5, recording null batch[39m
    [35mnodeId[39m: "node-1"
[2026-05-03 04:09:21.508 +0530] [33mWARN[39m: [36mRecorded skip for slot 5. Consecutive skips: 4[39m
    [35mnodeId[39m: "node-1"
[2026-05-03 04:09:21.508 +0530] [31mERROR[39m: [36m[node-1] EMERGENCY RESYNC TRIGGERED (Consecutive skips: 4)[39m
    [35mnodeId[39m: "node-1"
[2026-05-03 04:09:22.501 +0530] [32mINFO[39m: [36mSlot 6 transitioned to COLLECT[39m
    [35mnodeId[39m: "node-1"
[2026-05-03 04:09:23.538 +0530] [32mINFO[39m: [36mShutting down daemon...[39m
    [35mnodeId[39m: "node-1"
[2026-05-03 04:09:23.538 +0530] [32mINFO[39m: [36mSlotManager stopped[39m
    [35mnodeId[39m: "node-1"
[2026-05-03 04:09:23.546 +0530] [32mINFO[39m: [36mDisconnected from peer: 12D3KooWAigrXXvWkoqqNu5mpXkN6LND8TzQawaCZ2ZX9qLyRzbE[39m
    [35mnodeId[39m: "node-1"
[2026-05-03 04:09:23.547 +0530] [32mINFO[39m: [36mDisconnected from peer: 12D3KooWBHRT7h68WKRHn2RnNfN8kk3k726poobi83Jq8yY78jJu[39m
    [35mnodeId[39m: "node-1"
[2026-05-03 04:09:23.547 +0530] [32mINFO[39m: [36mLibp2p node stopped.[39m
    [35mnodeId[39m: "node-1"
