
> mnpsn@1.0.0 dev
> tsx src/index.ts

[2026-05-03 04:08:39.614 +0530] [32mINFO[39m: [36mLibp2p node started. Listening on addresses:[39m
    [35mnodeId[39m: "node-2"
[2026-05-03 04:08:39.614 +0530] [32mINFO[39m: [36m/ip4/127.0.0.1/tcp/40002/p2p/12D3KooWBHRT7h68WKRHn2RnNfN8kk3k726poobi83Jq8yY78jJu[39m
    [35mnodeId[39m: "node-2"
[2026-05-03 04:08:39.614 +0530] [32mINFO[39m: [36m/ip4/100.90.180.92/tcp/40002/p2p/12D3KooWBHRT7h68WKRHn2RnNfN8kk3k726poobi83Jq8yY78jJu[39m
    [35mnodeId[39m: "node-2"
[2026-05-03 04:08:39.614 +0530] [32mINFO[39m: [36m/ip4/10.197.174.229/tcp/40002/p2p/12D3KooWBHRT7h68WKRHn2RnNfN8kk3k726poobi83Jq8yY78jJu[39m
    [35mnodeId[39m: "node-2"
[2026-05-03 04:08:39.614 +0530] [32mINFO[39m: [36m/ip4/172.18.0.1/tcp/40002/p2p/12D3KooWBHRT7h68WKRHn2RnNfN8kk3k726poobi83Jq8yY78jJu[39m
    [35mnodeId[39m: "node-2"
[2026-05-03 04:08:39.662 +0530] [32mINFO[39m: [36mConnected to peer: 12D3KooWN3HXiaZVA431QdnimRxcd4rV2p4P3yB1FWxSEnYnbER8[39m
    [35mnodeId[39m: "node-2"
[2026-05-03 04:08:39.664 +0530] [32mINFO[39m: [36mDialed discovered peer: /ip4/127.0.0.1/tcp/40001[39m
    [35mnodeId[39m: "node-2"
[2026-05-03 04:08:39.672 +0530] [32mINFO[39m: [36mExplicitly dialed bootstrap node: /ip4/127.0.0.1/tcp/40001/p2p/12D3KooWN3HXiaZVA431QdnimRxcd4rV2p4P3yB1FWxSEnYnbER8[39m
    [35mnodeId[39m: "node-2"
[2026-05-03 04:08:39.672 +0530] [32mINFO[39m: [36mSubscribed to GossipSub topics: /tx, /batch, /mempool-digest, /mempool-sync[39m
    [35mnodeId[39m: "node-2"
[2026-05-03 04:08:39.673 +0530] [32mINFO[39m: [36mSlotManager started[39m
    [35mnodeId[39m: "node-2"
[2026-05-03 04:08:39.673 +0530] [32mINFO[39m: [36m[node-2] RPC Server listening on port 8081[39m
    [35mnodeId[39m: "node-2"
[2026-05-03 04:08:39.710 +0530] [32mINFO[39m: [36mConnected to peer: 12D3KooWAigrXXvWkoqqNu5mpXkN6LND8TzQawaCZ2ZX9qLyRzbE[39m
    [35mnodeId[39m: "node-2"
[2026-05-03 04:08:39.725 +0530] [32mINFO[39m: [36mDialed discovered peer: /ip4/10.197.174.229/tcp/40003[39m
    [35mnodeId[39m: "node-2"
[2026-05-03 04:08:40.000 +0530] [32mINFO[39m: [36mSlot 0 transitioned to FREEZE[39m
    [35mnodeId[39m: "node-2"
[2026-05-03 04:08:40.000 +0530] [32mINFO[39m: [36m[node-2] FREEZE slot 0[39m
    [35mnodeId[39m: "node-2"
[2026-05-03 04:08:40.001 +0530] [32mINFO[39m: [36mSlot 0 transitioned to SYNC[39m
    [35mnodeId[39m: "node-2"
[2026-05-03 04:08:40.001 +0530] [32mINFO[39m: [36m[node-2] SYNC slot 0[39m
    [35mnodeId[39m: "node-2"
[2026-05-03 04:08:41.000 +0530] [32mINFO[39m: [36mSlot 0 transitioned to PROPOSE[39m
    [35mnodeId[39m: "node-2"
[2026-05-03 04:08:41.000 +0530] [32mINFO[39m: [36m[node-2] PROPOSE slot 0[39m
    [35mnodeId[39m: "node-2"
[2026-05-03 04:08:41.000 +0530] [32mINFO[39m: [36mComputed common subset for slot 0: 0 txs (threshold: 2, total nodes: 3, digests received: 3)[39m
    [35mnodeId[39m: "node-2"
[2026-05-03 04:08:41.501 +0530] [32mINFO[39m: [36mSlot 0 transitioned to FINALIZE[39m
    [35mnodeId[39m: "node-2"
[2026-05-03 04:08:41.501 +0530] [32mINFO[39m: [36m[node-2] FINALIZE slot 0[39m
    [35mnodeId[39m: "node-2"
[2026-05-03 04:08:41.501 +0530] [32mINFO[39m: [36mComputed common subset for slot 0: 0 txs (threshold: 2, total nodes: 3, digests received: 3)[39m
    [35mnodeId[39m: "node-2"
[2026-05-03 04:08:41.506 +0530] [32mINFO[39m: [36m[node-2] Found 2/2 valid proposals for slot 0[39m
    [35mnodeId[39m: "node-2"
[2026-05-03 04:08:41.506 +0530] [32mINFO[39m: [36m[node-2] Winning batch for slot 0: Proposer node-1, Root 0x56e81f171bcc55a6ff8345e692c0f86e5b48e01b996cadc001622fb5e363b421, Txs: 0[39m
    [35mnodeId[39m: "node-2"
[2026-05-03 04:08:42.501 +0530] [32mINFO[39m: [36mSlot 1 transitioned to COLLECT[39m
    [35mnodeId[39m: "node-2"
[2026-05-03 04:08:45.000 +0530] [32mINFO[39m: [36mSlot 1 transitioned to FREEZE[39m
    [35mnodeId[39m: "node-2"
[2026-05-03 04:08:45.000 +0530] [32mINFO[39m: [36m[node-2] FREEZE slot 1[39m
    [35mnodeId[39m: "node-2"
[2026-05-03 04:08:45.001 +0530] [32mINFO[39m: [36mSlot 1 transitioned to SYNC[39m
    [35mnodeId[39m: "node-2"
[2026-05-03 04:08:45.001 +0530] [32mINFO[39m: [36m[node-2] SYNC slot 1[39m
    [35mnodeId[39m: "node-2"
[2026-05-03 04:08:46.000 +0530] [32mINFO[39m: [36mSlot 1 transitioned to PROPOSE[39m
    [35mnodeId[39m: "node-2"
[2026-05-03 04:08:46.001 +0530] [32mINFO[39m: [36m[node-2] PROPOSE slot 1[39m
    [35mnodeId[39m: "node-2"
[2026-05-03 04:08:46.001 +0530] [32mINFO[39m: [36mComputed common subset for slot 1: 2 txs (threshold: 2, total nodes: 3, digests received: 3)[39m
    [35mnodeId[39m: "node-2"
[2026-05-03 04:08:46.500 +0530] [32mINFO[39m: [36mSlot 1 transitioned to FINALIZE[39m
    [35mnodeId[39m: "node-2"
[2026-05-03 04:08:46.500 +0530] [32mINFO[39m: [36m[node-2] FINALIZE slot 1[39m
    [35mnodeId[39m: "node-2"
[2026-05-03 04:08:46.501 +0530] [32mINFO[39m: [36mComputed common subset for slot 1: 2 txs (threshold: 2, total nodes: 3, digests received: 3)[39m
    [35mnodeId[39m: "node-2"
[2026-05-03 04:08:46.509 +0530] [32mINFO[39m: [36m[node-2] Found 2/2 valid proposals for slot 1[39m
    [35mnodeId[39m: "node-2"
[2026-05-03 04:08:46.509 +0530] [32mINFO[39m: [36m[node-2] Winning batch for slot 1: Proposer node-1, Root 0x1d65c6668237f0c79ddfb3569fad8fc3ad441b3c59b9d10077f11b81d1c59a4f, Txs: 2[39m
    [35mnodeId[39m: "node-2"
[2026-05-03 04:08:47.500 +0530] [32mINFO[39m: [36mSlot 2 transitioned to COLLECT[39m
    [35mnodeId[39m: "node-2"
[2026-05-03 04:08:50.000 +0530] [32mINFO[39m: [36mSlot 2 transitioned to FREEZE[39m
    [35mnodeId[39m: "node-2"
[2026-05-03 04:08:50.001 +0530] [32mINFO[39m: [36m[node-2] FREEZE slot 2[39m
    [35mnodeId[39m: "node-2"
[2026-05-03 04:08:50.001 +0530] [32mINFO[39m: [36mSlot 2 transitioned to SYNC[39m
    [35mnodeId[39m: "node-2"
[2026-05-03 04:08:50.001 +0530] [32mINFO[39m: [36m[node-2] SYNC slot 2[39m
    [35mnodeId[39m: "node-2"
[2026-05-03 04:08:51.000 +0530] [32mINFO[39m: [36mSlot 2 transitioned to PROPOSE[39m
    [35mnodeId[39m: "node-2"
[2026-05-03 04:08:51.000 +0530] [32mINFO[39m: [36m[node-2] PROPOSE slot 2[39m
    [35mnodeId[39m: "node-2"
[2026-05-03 04:08:51.000 +0530] [32mINFO[39m: [36mComputed common subset for slot 2: 0 txs (threshold: 2, total nodes: 3, digests received: 3)[39m
    [35mnodeId[39m: "node-2"
[2026-05-03 04:08:51.501 +0530] [32mINFO[39m: [36mSlot 2 transitioned to FINALIZE[39m
    [35mnodeId[39m: "node-2"
[2026-05-03 04:08:51.501 +0530] [32mINFO[39m: [36m[node-2] FINALIZE slot 2[39m
    [35mnodeId[39m: "node-2"
[2026-05-03 04:08:51.501 +0530] [32mINFO[39m: [36mComputed common subset for slot 2: 0 txs (threshold: 2, total nodes: 3, digests received: 3)[39m
    [35mnodeId[39m: "node-2"
[2026-05-03 04:08:51.505 +0530] [32mINFO[39m: [36m[node-2] Found 1/2 valid proposals for slot 2[39m
    [35mnodeId[39m: "node-2"
[2026-05-03 04:08:51.505 +0530] [32mINFO[39m: [36m[node-2] Winning batch for slot 2: Proposer node-3, Root 0x56e81f171bcc55a6ff8345e692c0f86e5b48e01b996cadc001622fb5e363b421, Txs: 0[39m
    [35mnodeId[39m: "node-2"
[2026-05-03 04:08:52.501 +0530] [32mINFO[39m: [36mSlot 3 transitioned to COLLECT[39m
    [35mnodeId[39m: "node-2"
[2026-05-03 04:08:55.001 +0530] [32mINFO[39m: [36mSlot 3 transitioned to FREEZE[39m
    [35mnodeId[39m: "node-2"
[2026-05-03 04:08:55.001 +0530] [32mINFO[39m: [36m[node-2] FREEZE slot 3[39m
    [35mnodeId[39m: "node-2"
[2026-05-03 04:08:55.001 +0530] [32mINFO[39m: [36mSlot 3 transitioned to SYNC[39m
    [35mnodeId[39m: "node-2"
[2026-05-03 04:08:55.001 +0530] [32mINFO[39m: [36m[node-2] SYNC slot 3[39m
    [35mnodeId[39m: "node-2"
[2026-05-03 04:08:56.000 +0530] [32mINFO[39m: [36mSlot 3 transitioned to PROPOSE[39m
    [35mnodeId[39m: "node-2"
[2026-05-03 04:08:56.000 +0530] [32mINFO[39m: [36m[node-2] PROPOSE slot 3[39m
    [35mnodeId[39m: "node-2"
[2026-05-03 04:08:56.000 +0530] [32mINFO[39m: [36mComputed common subset for slot 3: 0 txs (threshold: 2, total nodes: 3, digests received: 2)[39m
    [35mnodeId[39m: "node-2"
[2026-05-03 04:08:56.500 +0530] [32mINFO[39m: [36mSlot 3 transitioned to FINALIZE[39m
    [35mnodeId[39m: "node-2"
[2026-05-03 04:08:56.500 +0530] [32mINFO[39m: [36m[node-2] FINALIZE slot 3[39m
    [35mnodeId[39m: "node-2"
[2026-05-03 04:08:56.500 +0530] [32mINFO[39m: [36mComputed common subset for slot 3: 0 txs (threshold: 2, total nodes: 3, digests received: 2)[39m
    [35mnodeId[39m: "node-2"
[2026-05-03 04:08:56.503 +0530] [32mINFO[39m: [36m[node-2] Found 1/1 valid proposals for slot 3[39m
    [35mnodeId[39m: "node-2"
[2026-05-03 04:08:56.503 +0530] [32mINFO[39m: [36m[node-2] Winning batch for slot 3: Proposer node-3, Root 0x56e81f171bcc55a6ff8345e692c0f86e5b48e01b996cadc001622fb5e363b421, Txs: 0[39m
    [35mnodeId[39m: "node-2"
[2026-05-03 04:08:57.500 +0530] [32mINFO[39m: [36mSlot 4 transitioned to COLLECT[39m
    [35mnodeId[39m: "node-2"
[2026-05-03 04:09:00.000 +0530] [32mINFO[39m: [36mSlot 4 transitioned to FREEZE[39m
    [35mnodeId[39m: "node-2"
[2026-05-03 04:09:00.000 +0530] [32mINFO[39m: [36m[node-2] FREEZE slot 4[39m
    [35mnodeId[39m: "node-2"
[2026-05-03 04:09:00.001 +0530] [32mINFO[39m: [36mSlot 4 transitioned to SYNC[39m
    [35mnodeId[39m: "node-2"
[2026-05-03 04:09:00.001 +0530] [32mINFO[39m: [36m[node-2] SYNC slot 4[39m
    [35mnodeId[39m: "node-2"
[2026-05-03 04:09:01.000 +0530] [32mINFO[39m: [36mSlot 4 transitioned to PROPOSE[39m
    [35mnodeId[39m: "node-2"
[2026-05-03 04:09:01.000 +0530] [32mINFO[39m: [36m[node-2] PROPOSE slot 4[39m
    [35mnodeId[39m: "node-2"
[2026-05-03 04:09:01.000 +0530] [32mINFO[39m: [36mComputed common subset for slot 4: 0 txs (threshold: 2, total nodes: 3, digests received: 2)[39m
    [35mnodeId[39m: "node-2"
[2026-05-03 04:09:01.500 +0530] [32mINFO[39m: [36mSlot 4 transitioned to FINALIZE[39m
    [35mnodeId[39m: "node-2"
[2026-05-03 04:09:01.500 +0530] [32mINFO[39m: [36m[node-2] FINALIZE slot 4[39m
    [35mnodeId[39m: "node-2"
[2026-05-03 04:09:01.500 +0530] [32mINFO[39m: [36mComputed common subset for slot 4: 0 txs (threshold: 2, total nodes: 3, digests received: 2)[39m
    [35mnodeId[39m: "node-2"
[2026-05-03 04:09:01.502 +0530] [32mINFO[39m: [36m[node-2] Found 1/1 valid proposals for slot 4[39m
    [35mnodeId[39m: "node-2"
[2026-05-03 04:09:01.502 +0530] [32mINFO[39m: [36m[node-2] Winning batch for slot 4: Proposer node-3, Root 0x56e81f171bcc55a6ff8345e692c0f86e5b48e01b996cadc001622fb5e363b421, Txs: 0[39m
    [35mnodeId[39m: "node-2"
[2026-05-03 04:09:02.501 +0530] [32mINFO[39m: [36mSlot 5 transitioned to COLLECT[39m
    [35mnodeId[39m: "node-2"
[2026-05-03 04:09:05.000 +0530] [32mINFO[39m: [36mSlot 5 transitioned to FREEZE[39m
    [35mnodeId[39m: "node-2"
[2026-05-03 04:09:05.000 +0530] [32mINFO[39m: [36m[node-2] FREEZE slot 5[39m
    [35mnodeId[39m: "node-2"
[2026-05-03 04:09:05.000 +0530] [32mINFO[39m: [36mSlot 5 transitioned to SYNC[39m
    [35mnodeId[39m: "node-2"
[2026-05-03 04:09:05.000 +0530] [32mINFO[39m: [36m[node-2] SYNC slot 5[39m
    [35mnodeId[39m: "node-2"
[2026-05-03 04:09:06.000 +0530] [32mINFO[39m: [36mSlot 5 transitioned to PROPOSE[39m
    [35mnodeId[39m: "node-2"
[2026-05-03 04:09:06.000 +0530] [32mINFO[39m: [36m[node-2] PROPOSE slot 5[39m
    [35mnodeId[39m: "node-2"
[2026-05-03 04:09:06.000 +0530] [32mINFO[39m: [36mComputed common subset for slot 5: 0 txs (threshold: 2, total nodes: 3, digests received: 2)[39m
    [35mnodeId[39m: "node-2"
[2026-05-03 04:09:06.501 +0530] [32mINFO[39m: [36mSlot 5 transitioned to FINALIZE[39m
    [35mnodeId[39m: "node-2"
[2026-05-03 04:09:06.501 +0530] [32mINFO[39m: [36m[node-2] FINALIZE slot 5[39m
    [35mnodeId[39m: "node-2"
[2026-05-03 04:09:06.501 +0530] [32mINFO[39m: [36mComputed common subset for slot 5: 0 txs (threshold: 2, total nodes: 3, digests received: 2)[39m
    [35mnodeId[39m: "node-2"
[2026-05-03 04:09:06.504 +0530] [32mINFO[39m: [36m[node-2] Found 1/1 valid proposals for slot 5[39m
    [35mnodeId[39m: "node-2"
[2026-05-03 04:09:06.504 +0530] [32mINFO[39m: [36m[node-2] Winning batch for slot 5: Proposer node-3, Root 0x56e81f171bcc55a6ff8345e692c0f86e5b48e01b996cadc001622fb5e363b421, Txs: 0[39m
    [35mnodeId[39m: "node-2"
[2026-05-03 04:09:07.501 +0530] [32mINFO[39m: [36mSlot 6 transitioned to COLLECT[39m
    [35mnodeId[39m: "node-2"
[2026-05-03 04:09:10.000 +0530] [32mINFO[39m: [36mSlot 6 transitioned to FREEZE[39m
    [35mnodeId[39m: "node-2"
[2026-05-03 04:09:10.000 +0530] [32mINFO[39m: [36m[node-2] FREEZE slot 6[39m
    [35mnodeId[39m: "node-2"
[2026-05-03 04:09:10.000 +0530] [32mINFO[39m: [36mSlot 6 transitioned to SYNC[39m
    [35mnodeId[39m: "node-2"
[2026-05-03 04:09:10.000 +0530] [32mINFO[39m: [36m[node-2] SYNC slot 6[39m
    [35mnodeId[39m: "node-2"
[2026-05-03 04:09:11.000 +0530] [32mINFO[39m: [36mSlot 6 transitioned to PROPOSE[39m
    [35mnodeId[39m: "node-2"
[2026-05-03 04:09:11.000 +0530] [32mINFO[39m: [36m[node-2] PROPOSE slot 6[39m
    [35mnodeId[39m: "node-2"
[2026-05-03 04:09:11.000 +0530] [32mINFO[39m: [36mComputed common subset for slot 6: 0 txs (threshold: 2, total nodes: 3, digests received: 2)[39m
    [35mnodeId[39m: "node-2"
[2026-05-03 04:09:11.500 +0530] [32mINFO[39m: [36mSlot 6 transitioned to FINALIZE[39m
    [35mnodeId[39m: "node-2"
[2026-05-03 04:09:11.500 +0530] [32mINFO[39m: [36m[node-2] FINALIZE slot 6[39m
    [35mnodeId[39m: "node-2"
[2026-05-03 04:09:11.500 +0530] [32mINFO[39m: [36mComputed common subset for slot 6: 0 txs (threshold: 2, total nodes: 3, digests received: 2)[39m
    [35mnodeId[39m: "node-2"
[2026-05-03 04:09:11.503 +0530] [32mINFO[39m: [36m[node-2] Found 1/1 valid proposals for slot 6[39m
    [35mnodeId[39m: "node-2"
[2026-05-03 04:09:11.503 +0530] [32mINFO[39m: [36m[node-2] Winning batch for slot 6: Proposer node-3, Root 0x56e81f171bcc55a6ff8345e692c0f86e5b48e01b996cadc001622fb5e363b421, Txs: 0[39m
    [35mnodeId[39m: "node-2"
[2026-05-03 04:09:12.500 +0530] [32mINFO[39m: [36mSlot 7 transitioned to COLLECT[39m
    [35mnodeId[39m: "node-2"
[2026-05-03 04:09:15.000 +0530] [32mINFO[39m: [36mSlot 7 transitioned to FREEZE[39m
    [35mnodeId[39m: "node-2"
[2026-05-03 04:09:15.000 +0530] [32mINFO[39m: [36m[node-2] FREEZE slot 7[39m
    [35mnodeId[39m: "node-2"
[2026-05-03 04:09:15.000 +0530] [32mINFO[39m: [36mSlot 7 transitioned to SYNC[39m
    [35mnodeId[39m: "node-2"
[2026-05-03 04:09:15.000 +0530] [32mINFO[39m: [36m[node-2] SYNC slot 7[39m
    [35mnodeId[39m: "node-2"
[2026-05-03 04:09:16.000 +0530] [32mINFO[39m: [36mSlot 7 transitioned to PROPOSE[39m
    [35mnodeId[39m: "node-2"
[2026-05-03 04:09:16.000 +0530] [32mINFO[39m: [36m[node-2] PROPOSE slot 7[39m
    [35mnodeId[39m: "node-2"
[2026-05-03 04:09:16.000 +0530] [32mINFO[39m: [36mComputed common subset for slot 7: 0 txs (threshold: 2, total nodes: 3, digests received: 2)[39m
    [35mnodeId[39m: "node-2"
[2026-05-03 04:09:16.501 +0530] [32mINFO[39m: [36mSlot 7 transitioned to FINALIZE[39m
    [35mnodeId[39m: "node-2"
[2026-05-03 04:09:16.501 +0530] [32mINFO[39m: [36m[node-2] FINALIZE slot 7[39m
    [35mnodeId[39m: "node-2"
[2026-05-03 04:09:16.501 +0530] [32mINFO[39m: [36mComputed common subset for slot 7: 0 txs (threshold: 2, total nodes: 3, digests received: 2)[39m
    [35mnodeId[39m: "node-2"
[2026-05-03 04:09:16.503 +0530] [32mINFO[39m: [36m[node-2] Found 1/1 valid proposals for slot 7[39m
    [35mnodeId[39m: "node-2"
[2026-05-03 04:09:16.503 +0530] [32mINFO[39m: [36m[node-2] Winning batch for slot 7: Proposer node-3, Root 0x56e81f171bcc55a6ff8345e692c0f86e5b48e01b996cadc001622fb5e363b421, Txs: 0[39m
    [35mnodeId[39m: "node-2"
[2026-05-03 04:09:17.500 +0530] [32mINFO[39m: [36mSlot 8 transitioned to COLLECT[39m
    [35mnodeId[39m: "node-2"
[2026-05-03 04:09:20.000 +0530] [32mINFO[39m: [36mSlot 8 transitioned to FREEZE[39m
    [35mnodeId[39m: "node-2"
[2026-05-03 04:09:20.000 +0530] [32mINFO[39m: [36m[node-2] FREEZE slot 8[39m
    [35mnodeId[39m: "node-2"
[2026-05-03 04:09:20.000 +0530] [32mINFO[39m: [36mSlot 8 transitioned to SYNC[39m
    [35mnodeId[39m: "node-2"
[2026-05-03 04:09:20.000 +0530] [32mINFO[39m: [36m[node-2] SYNC slot 8[39m
    [35mnodeId[39m: "node-2"
[2026-05-03 04:09:21.000 +0530] [32mINFO[39m: [36mSlot 8 transitioned to PROPOSE[39m
    [35mnodeId[39m: "node-2"
[2026-05-03 04:09:21.000 +0530] [32mINFO[39m: [36m[node-2] PROPOSE slot 8[39m
    [35mnodeId[39m: "node-2"
[2026-05-03 04:09:21.000 +0530] [32mINFO[39m: [36mComputed common subset for slot 8: 0 txs (threshold: 2, total nodes: 3, digests received: 2)[39m
    [35mnodeId[39m: "node-2"
[2026-05-03 04:09:21.500 +0530] [32mINFO[39m: [36mSlot 8 transitioned to FINALIZE[39m
    [35mnodeId[39m: "node-2"
[2026-05-03 04:09:21.501 +0530] [32mINFO[39m: [36m[node-2] FINALIZE slot 8[39m
    [35mnodeId[39m: "node-2"
[2026-05-03 04:09:21.501 +0530] [32mINFO[39m: [36mComputed common subset for slot 8: 0 txs (threshold: 2, total nodes: 3, digests received: 2)[39m
    [35mnodeId[39m: "node-2"
[2026-05-03 04:09:21.503 +0530] [32mINFO[39m: [36m[node-2] Found 1/1 valid proposals for slot 8[39m
    [35mnodeId[39m: "node-2"
[2026-05-03 04:09:21.503 +0530] [32mINFO[39m: [36m[node-2] Winning batch for slot 8: Proposer node-3, Root 0x56e81f171bcc55a6ff8345e692c0f86e5b48e01b996cadc001622fb5e363b421, Txs: 0[39m
    [35mnodeId[39m: "node-2"
[2026-05-03 04:09:22.500 +0530] [32mINFO[39m: [36mSlot 9 transitioned to COLLECT[39m
    [35mnodeId[39m: "node-2"
[2026-05-03 04:09:23.538 +0530] [32mINFO[39m: [36mShutting down daemon...[39m
    [35mnodeId[39m: "node-2"
[2026-05-03 04:09:23.538 +0530] [32mINFO[39m: [36mSlotManager stopped[39m
    [35mnodeId[39m: "node-2"
[2026-05-03 04:09:23.551 +0530] [32mINFO[39m: [36mDisconnected from peer: 12D3KooWAigrXXvWkoqqNu5mpXkN6LND8TzQawaCZ2ZX9qLyRzbE[39m
    [35mnodeId[39m: "node-2"
[2026-05-03 04:09:23.551 +0530] [32mINFO[39m: [36mDisconnected from peer: 12D3KooWN3HXiaZVA431QdnimRxcd4rV2p4P3yB1FWxSEnYnbER8[39m
    [35mnodeId[39m: "node-2"
[2026-05-03 04:09:23.551 +0530] [32mINFO[39m: [36mLibp2p node stopped.[39m
    [35mnodeId[39m: "node-2"
